npm notice run krage-arena@1.10.2 build:render
npm notice run KRAGE_NODE=1 vinext build
[vinext] Tip: migrate from `vinext build` to `vite build`.
(node:168930) [DEP0205] DeprecationWarning: `module.register()` is deprecated. Use `module.registerHooks()` instead.
(Use `node --trace-deprecation ...` to show where the warning was created)
[1/5] analyze client references...
vite v8.3.1 building rsc environment for production...
transforming...
✓ 277 modules transformed.
rendering chunks...
✓ built in 1.71s
[2/5] analyze server references...
vite v8.3.1 building ssr environment for production...
transforming...
✓ 486 modules transformed.
rendering chunks...
✓ built in 2.74s
[3/5] build rsc environment...
vite v8.3.1 building rsc environment for production...
transforming...
✓ 269 modules transformed.
rendering chunks...
computing gzip size...
dist/server/__vinext_cacheability_manifest.js                                                                                                  0.02 kB
dist/server/__vinext_cacheability_request_projection.js                                                                                        0.02 kB
dist/server/__vinext_pregenerated_concrete_paths.js                                                                                            0.05 kB
dist/server/_next/static/css/index.DDwyQXBh.css                                                                                              318.17 kB │ gzip:    57.37 kB
dist/server/_next/static/work-unit-async-storage-DfLYVwR3.js                                                                                   0.13 kB │ gzip:     0.13 kB
dist/server/_next/static/page-Bi-94Rz3.js                                                                                                      0.17 kB │ gzip:     0.16 kB
dist/server/_next/static/base-path-Cmiu3HvG.js                                                                                                 0.31 kB │ gzip:     0.22 kB
dist/server/_next/static/client-trace-metadata-DUR2PiYt.js                                                                                     0.34 kB │ gzip:     0.21 kB
dist/server/_next/static/prerender-cache-life-header-DmtH7HCd.js                                                                               0.49 kB │ gzip:     0.29 kB
dist/server/_next/static/request-context-D3NKSeiX.js                                                                                           0.51 kB │ gzip:     0.35 kB
dist/server/_next/static/als-registry-Ca9CZnfN.js                                                                                              0.53 kB │ gzip:     0.31 kB
dist/server/_next/static/next-error-digest-5ayqyzJb.js                                                                                         0.63 kB │ gzip:     0.42 kB
dist/server/_next/static/http-error-responses-P07JXyYm.js                                                                                      0.64 kB │ gzip:     0.33 kB
dist/server/_next/static/root-params-qW_GlpUm.js                                                                                               0.70 kB │ gzip:     0.42 kB
dist/server/_next/static/rolldown-runtime-hePW80VL.js                                                                                          0.71 kB │ gzip:     0.42 kB
dist/server/_next/static/dist-Bk_6Kxep.js                                                                                                      0.75 kB │ gzip:     0.41 kB
dist/server/_next/static/isr-decision-BhL4PNoD.js                                                                                              0.76 kB │ gzip:     0.36 kB
dist/server/_next/static/framework~index~layout~seed-cache~metadata-route-response~app-route-handler-dispatch~app-pa~kumdzj5o-DPAkyXMa.js      0.82 kB │ gzip:     0.55 kB
dist/server/_next/static/utils-C9PM00n7.js                                                                                                     0.85 kB │ gzip:     0.37 kB
dist/server/_next/static/app-static-generation-BX8cz43B.js                                                                                     0.91 kB │ gzip:     0.51 kB
dist/server/_next/static/cacheability-request-DAwSN60O.js                                                                                      1.80 kB │ gzip:     0.88 kB
dist/server/_next/static/headers-DoXgFBQq.js                                                                                                   2.09 kB │ gzip:     0.91 kB
dist/server/_next/static/ppr-fallback-shell-DYFzaxCa.js                                                                                        2.13 kB │ gzip:     0.94 kB
dist/server/_next/static/app-page-cache-render-DSd34qXY.js                                                                                     2.35 kB │ gzip:     1.08 kB
dist/server/_next/static/app-prerender-endpoints-B1FlA7aF.js                                                                                   2.43 kB │ gzip:     0.97 kB
dist/server/_next/static/unified-request-context-C1pOb1eH.js                                                                                   3.18 kB │ gzip:     1.27 kB
dist/server/_next/static/seed-cache-Dh3p8PWk.js                                                                                                3.31 kB │ gzip:     1.42 kB
dist/server/_next/static/app-route-handler-response-gejaA3-P.js                                                                                3.33 kB │ gzip:     1.49 kB
dist/server/_next/static/isr-cache-DDX7J9Tq.js                                                                                                 3.61 kB │ gzip:     1.73 kB
dist/server/_next/static/request-pipeline-Cxy4gyTf.js                                                                                          3.97 kB │ gzip:     1.62 kB
dist/server/_next/static/html-DmadECv0.js                                                                                                      4.04 kB │ gzip:     1.48 kB
dist/server/_next/static/metadata-routes-D0FLgneh.js                                                                                           4.14 kB │ gzip:     1.50 kB
dist/server/_next/static/app-rsc-cache-busting-YvplCQSy.js                                                                                     4.20 kB │ gzip:     1.62 kB
dist/server/_next/static/cache-handler-D-mhLqkd.js                                                                                             4.20 kB │ gzip:     1.54 kB
dist/server/_next/static/cache-control-ngV9A3Wl.js                                                                                             4.76 kB │ gzip:     1.93 kB
dist/server/_next/static/framework~index~layout~page~seed-cache~metadata-route-response~app-rsc-response-stage~app-r~oe3aqdwy-DuqsB0SW.js      5.71 kB │ gzip:     2.34 kB
dist/server/_next/static/file-based-metadata-Wl2WzA-t.js                                                                                       6.69 kB │ gzip:     2.45 kB
dist/server/_next/static/artifact-compatibility-BirIqwqz.js                                                                                    6.75 kB │ gzip:     2.39 kB
dist/server/_next/static/app-rsc-response-stage-Dp61bqif.js                                                                                    7.38 kB │ gzip:     2.54 kB
dist/server/_next/static/app-page-cache-DuB58g7X.js                                                                                            7.61 kB │ gzip:     2.63 kB
dist/server/_next/static/cache-request-state-ZFmHQQYa.js                                                                                       9.65 kB │ gzip:     3.27 kB
dist/server/_next/static/app-page-tracing-BE-t6nIj.js                                                                                         10.99 kB │ gzip:     4.41 kB
dist/server/_next/static/metadata-route-response-DpJbMbPR.js                                                                                  11.08 kB │ gzip:     3.87 kB
dist/server/_next/static/app-elements-2JwlxCpo.js                                                                                             11.29 kB │ gzip:     3.86 kB
dist/server/_next/static/config-headers-pfy5PKXa.js                                                                                           14.37 kB │ gzip:     4.58 kB
dist/server/_next/static/text-stream-BgFR9Glm.js                                                                                              16.15 kB │ gzip:     4.68 kB
dist/server/_next/static/fetch-cache-pc1xyTnV.js                                                                                              19.41 kB │ gzip:     6.87 kB
dist/server/_next/static/app-route-handler-dispatch-B0S7y73a.js                                                                               48.53 kB │ gzip:    17.30 kB
dist/server/_next/static/framework~index-BZUlXdIk.js                                                                                          74.13 kB │ gzip:    21.25 kB
dist/server/index.js                                                                                                                       2,092.81 kB │ gzip: 1,457.34 kB

[33m[INEFFECTIVE_DYNAMIC_IMPORT] [0mapp/layout.tsx is dynamically imported by \0virtual:vinext-rsc-entry but also statically imported by \0virtual:vinext-rsc-entry, dynamic import will not move module into another chunk.

✓ built in 1.92s
[4/5] build client environment...
vite v8.3.1 building client environment for production...
`output.codeSplitting.groups[0].name` is a function. Set `output.codeSplitting.groups[0].debugName` so the bundler timing report can identify this group.
transforming...
✓ 2215 modules transformed.
rendering chunks...
computing gzip size...
dist/client/vinext-client-entry-manifest.json                              0.06 kB │ gzip:   0.08 kB
dist/client/.vite/manifest.json                                            3.22 kB │ gzip:   0.60 kB
dist/client/_next/static/css/index.DDwyQXBh.css                          318.17 kB │ gzip:  57.37 kB
dist/client/_next/static/chunks/engine-BCD7G83E.js                         0.05 kB │ gzip:   0.07 kB
dist/client/_next/static/chunks/graphics-DnHROirU.js                       0.46 kB │ gzip:   0.28 kB
dist/client/_next/static/chunks/layout-segment-context-DFlI61tP.js         0.49 kB │ gzip:   0.34 kB
dist/client/_next/static/chunks/rolldown-runtime-hePW80VL.js               0.71 kB │ gzip:   0.42 kB
dist/client/_next/static/chunks/three.module-wvNr39ni.js                  12.96 kB │ gzip:   5.00 kB
dist/client/_next/static/chunks/hybrid-client-route-owner-DtHcC0Jw.js     19.45 kB │ gzip:   6.23 kB
dist/client/_next/static/chunks/core-BGlHs0vy.js                          33.76 kB │ gzip:  13.11 kB
dist/client/_next/static/chunks/index-VXS2pjOI.js                        110.31 kB │ gzip:  32.90 kB
dist/client/_next/static/chunks/vinext-PJrALkSo.js                       151.32 kB │ gzip:  45.73 kB
dist/client/_next/static/chunks/framework-2k-VFE-j.js                    219.34 kB │ gzip:  68.40 kB
dist/client/_next/static/chunks/page-CrI6K2y3.js                       1,277.91 kB │ gzip: 355.18 kB

[plugin builtin:vite-reporter] 
(!) Some chunks are larger than 500 kB after minification. Consider:
- Using dynamic import() to code-split the application
- Use build.rolldownOptions.output.codeSplitting to improve chunking: https://rolldown.rs/reference/OutputOptions.codeSplitting
- Adjust chunk size limit for this warning via build.chunkSizeWarningLimit.
[33m[INEFFECTIVE_DYNAMIC_IMPORT] [0mnode_modules/three/build/three.module.js is dynamically imported by components/game/party-preview.tsx, components/game/weapon-inspector.tsx but also statically imported by lib/game/engine.ts, lib/game/graphics.ts, lib/game/maps/backdrops.ts, lib/game/maps/dune-render.ts, lib/game/maps/facility-render.ts, ..., dynamic import will not move module into another chunk.

[33m[INEFFECTIVE_DYNAMIC_IMPORT] [0mlib/game/graphics.ts is dynamically imported by components/game/party-preview.tsx, components/game/weapon-inspector.tsx but also statically imported by lib/game/engine.ts, dynamic import will not move module into another chunk.

[33m[INEFFECTIVE_DYNAMIC_IMPORT] [0mlib/game/engine.ts is dynamically imported by app/page.tsx but also statically imported by app/page.tsx, dynamic import will not move module into another chunk.

✓ built in 4.02s
[33m[PLUGIN_TIMINGS] [0mJavaScript callbacks ran for 3.5s of this 4.0s build (88%).
2 callbacks are listed without a time. Their calls overlapped, so the time inside one call includes work from other calls. To find their cost, profile the build with `node --cpu-prof`:
  - plugin vinext:og-inline-fetch-assets resolveId (6581 calls)
  - plugin alias resolveId (6770 calls)
See https://rolldown.rs/reference/InputOptions.checks#bundlertimings for more details.

[5/5] build ssr environment...
vite v8.3.1 building ssr environment for production...
transforming...
✓ 481 modules transformed.
rendering chunks...
computing gzip size...
dist/server/ssr/_next/static/navigation-server-BoqK24v8.js              0.05 kB │ gzip:   0.07 kB
dist/server/ssr/_next/static/engine-BMO-TjGP.js                         0.05 kB │ gzip:   0.07 kB
dist/server/ssr/_next/static/app-nav-failure-handler-BW2-CIfV.js        0.07 kB │ gzip:   0.07 kB
dist/server/ssr/_next/static/record-BGze3w87.js                         0.07 kB │ gzip:   0.09 kB
dist/server/ssr/_next/static/hybrid-client-route-owner-DXprQx7G.js      0.16 kB │ gzip:   0.13 kB
dist/server/ssr/_next/static/layout-segment-context-DDsUudJR.js         0.44 kB │ gzip:   0.31 kB
dist/server/ssr/_next/static/graphics-BgqbGdsy.js                       0.46 kB │ gzip:   0.28 kB
dist/server/ssr/_next/static/app-prefetch-fetch-queue-50fMZkEo.js       0.49 kB │ gzip:   0.30 kB
dist/server/ssr/_next/static/streamed-icons-D2p1hUS_.js                 0.65 kB │ gzip:   0.42 kB
dist/server/ssr/_next/static/rolldown-runtime-Csi-cuKc.js               0.78 kB │ gzip:   0.46 kB
dist/server/ssr/_next/static/client-page-root-DD9ITico.js               0.88 kB │ gzip:   0.51 kB
dist/server/ssr/_next/static/app-router-scroll-state-Ddg0JoEg.js        1.08 kB │ gzip:   0.55 kB
dist/server/ssr/_next/static/navigation-context-state-BAQGExBK.js       1.53 kB │ gzip:   0.59 kB
dist/server/ssr/_next/static/route-matching-DURVBysF.js                 2.05 kB │ gzip:   0.99 kB
dist/server/ssr/_next/static/app-router-scroll-BytFoeel.js              2.13 kB │ gzip:   0.99 kB
dist/server/ssr/_next/static/navigation-errors-D5mcf3ZW.js              2.18 kB │ gzip:   0.95 kB
dist/server/ssr/_next/static/error-boundary-C7wmjDUK.js                 5.54 kB │ gzip:   1.70 kB
dist/server/ssr/_next/static/app-elements-YA-JuteV.js                  11.31 kB │ gzip:   3.58 kB
dist/server/ssr/_next/static/three.module-vccrGxSY.js                  12.96 kB │ gzip:   5.03 kB
dist/server/ssr/_next/static/core-D3llzYfk.js                          33.76 kB │ gzip:  13.11 kB
dist/server/ssr/_next/static/navigation-Coj8cDJ3.js                    48.47 kB │ gzip:  14.49 kB
dist/server/ssr/index.js                                               83.04 kB │ gzip:  28.26 kB
dist/server/ssr/_next/static/page-CXzeR-Nx.js                       1,263.99 kB │ gzip: 354.17 kB

[33m[INEFFECTIVE_DYNAMIC_IMPORT] [0mnode_modules/vinext/dist/shims/default-global-error.js is dynamically imported by \0virtual:vite-rsc/client-references but also statically imported by node_modules/vinext/dist/server/app-ssr-entry.js, node_modules/vinext/dist/shims/error-boundary.js, dynamic import will not move module into another chunk.

[33m[INEFFECTIVE_DYNAMIC_IMPORT] [0mnode_modules/vinext/dist/shims/slot.js is dynamically imported by \0virtual:vite-rsc/client-references but also statically imported by node_modules/vinext/dist/server/app-ssr-entry.js, node_modules/vinext/dist/shims/client-page-root.js, dynamic import will not move module into another chunk.

[33m[INEFFECTIVE_DYNAMIC_IMPORT] [0mnode_modules/three/build/three.module.js is dynamically imported by components/game/party-preview.tsx, components/game/weapon-inspector.tsx but also statically imported by lib/game/engine.ts, lib/game/graphics.ts, lib/game/maps/backdrops.ts, lib/game/maps/dune-render.ts, lib/game/maps/facility-render.ts, ..., dynamic import will not move module into another chunk.

[33m[INEFFECTIVE_DYNAMIC_IMPORT] [0mlib/game/graphics.ts is dynamically imported by components/game/party-preview.tsx, components/game/weapon-inspector.tsx but also statically imported by lib/game/engine.ts, dynamic import will not move module into another chunk.

[33m[INEFFECTIVE_DYNAMIC_IMPORT] [0mlib/game/engine.ts is dynamically imported by app/page.tsx but also statically imported by app/page.tsx, dynamic import will not move module into another chunk.

✓ built in 1.97s

  Route (app)
  ─ ? /

  ? Unknown

  ? Some routes could not be classified. vinext currently uses static analysis
    and cannot detect dynamic API usage (headers(), cookies(), etc.) at build time.
    Automatic classification will be improved in a future release.

  Build complete.

